// Jest Snapshot v1, https://goo.gl/fbAQLP

exports[`render button correct 1`] = `[Function]`;
